error: expected token: `,`
  --> $DIR/issue-3145.rs:2:19
   |
LL |     println!("{}" a); //~ERROR expected token: `,`
   |                   ^ expected `,`

thread 'rustc' panicked at 'Found an ExprKind::Err. Is this a compiler bug??', clippy_lints/src/cognitive_complexity.rs:485:17
note: run with `RUST_BACKTRACE=1` environment variable to display a backtrace.
error: aborting due to previous error


error: internal compiler error: unexpected panic

note: the compiler unexpectedly panicked. this is a bug.

note: we would appreciate a bug report: https://github.com/rust-lang/rust/blob/master/CONTRIBUTING.md#bug-reports

note: rustc 1.39.0-nightly (c6e9c76c5 2019-09-04) running on x86_64-unknown-linux-gnu

note: compiler flags: -Z ui-testing -C prefer-dynamic

