error: use of `unwrap_or` followed by a function call
  --> $DIR/or_fun_call.rs:30:22
   |
LL |     with_constructor.unwrap_or(make());
   |                      ^^^^^^^^^^^^^^^^^ help: try this: `unwrap_or_else(make)`
   |
   = note: `-D clippy::or-fun-call` implied by `-D warnings`

error: use of `unwrap_or` followed by a call to `new`
  --> $DIR/or_fun_call.rs:33:5
   |
LL |     with_new.unwrap_or(Vec::new());
   |     ^^^^^^^^^^^^^^^^^^^^^^^^^^^^^^ help: try this: `with_new.unwrap_or_default()`

error: use of `unwrap_or` followed by a function call
  --> $DIR/or_fun_call.rs:36:21
   |
LL |     with_const_args.unwrap_or(Vec::with_capacity(12));
   |                     ^^^^^^^^^^^^^^^^^^^^^^^^^^^^^^^^^ help: try this: `unwrap_or_else(|| Vec::with_capacity(12))`

error: use of `unwrap_or` followed by a function call
  --> $DIR/or_fun_call.rs:39:14
   |
LL |     with_err.unwrap_or(make());
   |              ^^^^^^^^^^^^^^^^^ help: try this: `unwrap_or_else(|_| make())`

error: use of `unwrap_or` followed by a function call
  --> $DIR/or_fun_call.rs:42:19
   |
LL |     with_err_args.unwrap_or(Vec::with_capacity(12));
   |                   ^^^^^^^^^^^^^^^^^^^^^^^^^^^^^^^^^ help: try this: `unwrap_or_else(|_| Vec::with_capacity(12))`

error: use of `unwrap_or` followed by a call to `default`
  --> $DIR/or_fun_call.rs:45:5
   |
LL |     with_default_trait.unwrap_or(Default::default());
   |     ^^^^^^^^^^^^^^^^^^^^^^^^^^^^^^^^^^^^^^^^^^^^^^^^ help: try this: `with_default_trait.unwrap_or_default()`

error: use of `unwrap_or` followed by a call to `default`
  --> $DIR/or_fun_call.rs:48:5
   |
LL |     with_default_type.unwrap_or(u64::default());
   |     ^^^^^^^^^^^^^^^^^^^^^^^^^^^^^^^^^^^^^^^^^^^ help: try this: `with_default_type.unwrap_or_default()`

error: use of `unwrap_or` followed by a function call
  --> $DIR/or_fun_call.rs:51:14
   |
LL |     with_vec.unwrap_or(vec![]);
   |              ^^^^^^^^^^^^^^^^^ help: try this: `unwrap_or_else(|| vec![])`

error: use of `unwrap_or` followed by a function call
  --> $DIR/or_fun_call.rs:56:21
   |
LL |     without_default.unwrap_or(Foo::new());
   |                     ^^^^^^^^^^^^^^^^^^^^^ help: try this: `unwrap_or_else(Foo::new)`

error: use of `or_insert` followed by a function call
  --> $DIR/or_fun_call.rs:59:19
   |
LL |     map.entry(42).or_insert(String::new());
   |                   ^^^^^^^^^^^^^^^^^^^^^^^^ help: try this: `or_insert_with(String::new)`

error: use of `or_insert` followed by a function call
  --> $DIR/or_fun_call.rs:62:21
   |
LL |     btree.entry(42).or_insert(String::new());
   |                     ^^^^^^^^^^^^^^^^^^^^^^^^ help: try this: `or_insert_with(String::new)`

error: use of `unwrap_or` followed by a function call
  --> $DIR/or_fun_call.rs:65:21
   |
LL |     let _ = stringy.unwrap_or("".to_owned());
   |                     ^^^^^^^^^^^^^^^^^^^^^^^^ help: try this: `unwrap_or_else(|| "".to_owned())`

error: aborting due to 12 previous errors

